------------------------------------------------------------
Timing Analyzer Summary
------------------------------------------------------------

Type  : Slow 1200mV 85C Model Minimum Pulse Width 'PLL_inst|altpll_component|auto_generated|pll1|clk[3]'
Slack : 4.756
TNS   : 0.000

Type  : Slow 1200mV 85C Model Minimum Pulse Width 'oSDRAM_CLK'
Slack : 4.756
TNS   : 0.000

Type  : Slow 1200mV 85C Model Minimum Pulse Width 'mipi_clk'
Slack : 7.690
TNS   : 0.000

Type  : Slow 1200mV 85C Model Minimum Pulse Width 'iCLK'
Slack : 10.264
TNS   : 0.000

Type  : Slow 1200mV 0C Model Minimum Pulse Width 'PLL_inst|altpll_component|auto_generated|pll1|clk[3]'
Slack : 4.726
TNS   : 0.000

Type  : Slow 1200mV 0C Model Minimum Pulse Width 'oSDRAM_CLK'
Slack : 4.726
TNS   : 0.000

Type  : Slow 1200mV 0C Model Minimum Pulse Width 'mipi_clk'
Slack : 7.690
TNS   : 0.000

Type  : Slow 1200mV 0C Model Minimum Pulse Width 'iCLK'
Slack : 10.264
TNS   : 0.000

Type  : Fast 1200mV 0C Model Minimum Pulse Width 'PLL_inst|altpll_component|auto_generated|pll1|clk[3]'
Slack : 4.944
TNS   : 0.000

Type  : Fast 1200mV 0C Model Minimum Pulse Width 'oSDRAM_CLK'
Slack : 4.944
TNS   : 0.000

Type  : Fast 1200mV 0C Model Minimum Pulse Width 'mipi_clk'
Slack : 7.690
TNS   : 0.000

Type  : Fast 1200mV 0C Model Minimum Pulse Width 'iCLK'
Slack : 9.832
TNS   : 0.000

------------------------------------------------------------
